type: float
-0.954602
0.950595
-0.000625
0.004615
0.000000
0.000000
0.000000
0.000000
0.000000
0.000000
type: int32_t
-954602
950595
-625
4615
0
0
0
0
0
0
