type: float
0.088235
0.088811
-0.147059
-0.146627
0.088235
0.088811
0.147059
0.146627
-0.088235
-0.088215
0.147059
0.146627
-0.088235
-0.088215
-0.147059
-0.146627
0.088235
-0.147059
