type: float
1.250000
5.000000
1.250000
5.000000
0.000000
